=== START 2006 at Fri Jun 26 22:16:14 CST 2026 ===
=== 2006: PROBE (parallel 8 threads) ===
PROBE done
=== 2006: DOWNLOAD ===
DOWNLOAD done
=== 2006: PROCESS ===
PROCESS done
=== 2006: ABSTRACTS ===
Need abstracts: 0

Done: 0/0
ABSTRACTS done
=== 2006: FINAL ===
FINAL done
=== 2006 RESULT ===
summaries: 0, inc=0, fail=0, pdfs=0
=== COMMIT & PUSH ===
[master 29cba15] Complete 2006 mechanism collection test
 1 file changed, 18 insertions(+), 1 deletion(-)
To github.com:wangdu817/Combustion-chemical-kinetic-models.git
   c858541..29cba15  master -> master
PUSH done
=== DONE at Fri Jun 26 22:16:18 CST 2026 ===
