=== 2019 at Fri Jun 26 22:23:55 CST 2026 ===
STEP1 done
[probing] S0010218018304942
[probing] S001021801830453X
[probing] S0010218018304395
[probing] S0010218018304358
[probing] S0010218018304577
[probing] S0010218018304516
[probing] S0010218018304528
[probing] S0010218018304371
[probing] S0010218018304474
[probing] S001021801830350X
[probing] S0010218018304103
[probing] S0010218018304735
[probing] S0010218018304309
[probing] S0010218018304346
[probing] S0010218018304401
[probing] S0010218018303973
[probing] S0010218018304383
[probing] S0010218018304449
[probing] S0010218018304504
[probing] S0010218018304656
[probing] S0010218018304589
[probing] S0010218018304759
[probing] S001021801830436X
[probing] S0010218018304498
[probing] S0010218018304747
[probing] S0010218018304437
[probing] S0010218018304450
[probing] S0010218018304425
[probing] S001021801830470X
[probing] S0010218018304413
[probing] S0010218018304711
[probing] S0010218018304553
[probing] S0010218018304462
[probing] S0010218018304668
[probing] S0010218018304541
[probing] S001021801830467X
[probing] S0010218018304693
[probing] S0010218018304206
[probing] S0010218018304899
[probing] S0010218018304486
[probing] S0010218018304826
[probing] S0010218018305017
[probing] S0010218018305091
[probing] S0010218018304772
[probing] S001021801830511X
[probing] S0010218018304887
[probing] S0010218018304681
[probing] S0010218018304851
[probing] S0010218018304838
[probing] S0010218018305042
[probing] S0010218018304917
[probing] S0010218018304814
[probing] S0010218018304863
[probing] S001021801830484X
[probing] S0010218018305182
[probing] S0010218018305108
[probing] S0010218018305157
[probing] S0010218018304565
[probing] S0010218018304723
[probing] S0010218018305194
[probing] S0010218018305170
[probing] S0010218018304796
[probing] S0010218018305121
[probing] S0010218018304784
[probing] S0010218018305133
[probing] S0010218018304760
[probing] S0010218018305030
[probing] S001021801830508X
[probing] S0010218018305145
[probing] S0010218018305169
[probing] S0010218018304802
[probing] S0010218018304905
[probing] S0010218019300045
[probing] S0010218018304991
[probing] S0010218018305029
[probing] S0010218018304875
[probing] S0010218018305455
[probing] S001021801830542X
[probing] S0010218018305376
[probing] S0010218018305200
[probing] S0010218018305480
[probing] S0010218018305327
[probing] S0010218018305224
[probing] S0010218018305315
[probing] S0010218018305285
[probing] S0010218018305303
[probing] S0010218018305364
[probing] S0010218018305339
[probing] S0010218018305509
[probing] S0010218018305406
[probing] S0010218019300239
[probing] S0010218018305340
[probing] S0010218018305467
[probing] S0010218018305212
[probing] S0010218018305297
[probing] S0010218018305236
[probing] S0010218018305352
[probing] S0010218018305248
[probing] S0010218018305443
[probing] S0010218019300094
[probing] S0010218018305388
[probing] S001021801830539X
[probing] S0010218018305261
[probing] S0010218018305479
[probing] S001021801830525X
[probing] S0010218019300410
[probing] S0010218019300148
[probing] S0010218019300318
[probing] S0010218019300185
[probing] S0010218019300379
[probing] S0010218019300136
[probing] S0010218019300215
[probing] S001021801930029X
[probing] S0010218019300343
[probing] S0010218019300331
[probing] S0010218019300707
[probing] S0010218019300100
[probing] S0010218019300021
[probing] S0010218018304929
[probing] S001021801930032X
[probing] S0010218019300197
[probing] S0010218019300422
[probing] S0010218019300306
[probing] S001021801930015X
[probing] S001021801930046X
[probing] S0010218019300471
[probing] S0010218019300458
[probing] S0010218018305273
[probing] S0010218019300392
[probing] S0010218019300380
[probing] S0010218018305418
[probing] S0010218019300367
[probing] S001021801930001X
[probing] S0010218019300409
[probing] S0010218019300161
[probing] S0010218019300446
[probing] S0010218019300203
[probing] S0010218018303894
[probing] S0010218019300550
[probing] S0010218019300495
[probing] S0010218019301105
[probing] S0010218019300860
[probing] S0010218019300811
[probing] S0010218018305492
[probing] S0010218019300574
[probing] S0010218019300513
[probing] S0010218019300756
[probing] S001021801930063X
[probing] S0010218019300665
[probing] S0010218019300781
[probing] S0010218019300768
[probing] S0010218019300641
[probing] S0010218019300604
[probing] S0010218019300483
[probing] S0010218019300598
[probing] S001021801930077X
[probing] S0010218019300562
[probing] S0010218019300859
[probing] S0010218019300628
[probing] S0010218019300847
[probing] S0010218019300884
[probing] S0010218019300689
[probing] S0010218019300355
[probing] S0010218019300896
[probing] S0010218019300835
[probing] S0010218019300586
[probing] S001021801930080X
[probing] S0010218019300501
[probing] S0010218019300872
[probing] S0010218019300549
[probing] S0010218019300793
[probing] S0010218019300677
[probing] S0010218019300823
[probing] S0010218019301075
[probing] S0010218019301038
[probing] S0010218019300434
[probing] S0010218019301026
[probing] S0010218019301002
[probing] S0010218019301361
[probing] S0010218019300173
[probing] S0010218019301233
[probing] S001021801930118X
[probing] S0010218019300951
[probing] S0010218019300616
[probing] S0010218019300926
[probing] S0010218019301014
[probing] S0010218019300914
[probing] S0010218019301208
[probing] S0010218019301841
[probing] S0010218019301336
[probing] S0010218019300963
[probing] S0010218019300999
[probing] S0010218019300975
[probing] S0010218019301257
[probing] S001021801930121X
[probing] S0010218019300938
[probing] S0010218019300987
[probing] S001021801930104X
[probing] S0010218019301191
[probing] S0010218018305005
[probing] S001021801930135X
[probing] S0010218019301221
[probing] S0010218019301063
[probing] S0010218019301245
[probing] S0010218019301294
[probing] S0010218019300902
[probing] S001021801930094X
[probing] S0010218019301324
[probing] S0010218019301178
[probing] S0010218019301051
[probing] S0010218019301476
[probing] S0010218019301646
[probing] S0010218019301634
[probing] S0010218019301282
[probing] S0010218019301610
[probing] S0010218019301713
[probing] S0010218019301798
[probing] S0010218019301518
[probing] S0010218019301373
[probing] S0010218019301683
[probing] S0010218019301385
[probing] S0010218019301270
[probing] S0010218019301300
[probing] S0010218019301488
[probing] S0010218019301543
[probing] S0010218019301427
[probing] S0010218019300653
[probing] S0010218019301397
[probing] S0010218019301774
[probing] S0010218019301737
[probing] S0010218019301439
[probing] S0010218019301786
[probing] S0010218019301555
[probing] S0010218019301348
[probing] S0010218019300537
[probing] S0010218019301622
[probing] S001021801930166X
[probing] S0010218019301452
[probing] S0010218019302214
[probing] S001021801930149X
[probing] S0010218019301762
[probing] S0010218019301592
[probing] S0010218019301415
[probing] S0010218018305431
[probing] S001021801930152X
[probing] S0010218019301828
[probing] S0010218019301464
[probing] S0010218019301580
[probing] S0010218019301701
[probing] S0010218019301658
[probing] S0010218019301695
[probing] S0010218019301440
[probing] S0010218019301087
[probing] S0010218019301269
[probing] S0010218019301403
[probing] S0010218019301749
[probing] S0010218019301750
[probing] S0010218019301725
[probing] S0010218019301804
[probing] S0010218019301579
[probing] S0010218019301531
[probing] S0010218019301506
[probing] S0010218019302111
[probing] S0010218019302044
[probing] S001021801930210X
[probing] S0010218019301671
[probing] S0010218019301567
[probing] S0010218019302081
[probing] S0010218019302342
[probing] S001021801930238X
[probing] S0010218019301816
[probing] S0010218019302147
[probing] S0010218019301993
[probing] S0010218019301609
[probing] S0010218019301956
[probing] S0010218019302020
[probing] S001021801930241X
[probing] S0010218019301890
[probing] S0010218019301968
[probing] S0010218019302330
[probing] S0010218019301932
[probing] S0010218019301919
[probing] S0010218019301944
[probing] S0010218019302299
[probing] S001021801930197X
[probing] S0010218019302056
[probing] S0010218019301312
[probing] S0010218019302135
[probing] S0010218019302378
[probing] S0010218019302366
[probing] S0010218019301907
[probing] S0010218019301920
[probing] S0010218019302305
[probing] S0010218019302408
[probing] S0010218019302093
[probing] S0010218019302019
[probing] S0010218019302068
[probing] S0010218019303086
[probing] S0010218019302354
[probing] S001021801930207X
[probing] S0010218019302123
[probing] S0010218019302172
[probing] S0010218019302184
[probing] S0010218019301981
[probing] S0010218019302317
[probing] S0010218019302652
[probing] S0010218019302561
[probing] S0010218019302688
[probing] S0010218019302457
[probing] S0010218019302445
[probing] S0010218019303177
[probing] S0010218019302500
[probing] S0010218019302512
[probing] S0010218019302640
[probing] S0010218019302494
[probing] S001021801930272X
[probing] S0010218019302664
[probing] S0010218019302524
[probing] S0010218019302196
[probing] S0010218019302391
[probing] S0010218019302573
[probing] S0010218019302603
[probing] S001021801930255X
[probing] S0010218019302482
[probing] S0010218019302536
[probing] S0010218019302160
[probing] S0010218019302421
[probing] S0010218019302433
[probing] S0010218019302159
[probing] S0010218019302639
[probing] S0010218019302718
[probing] S0010218019302706
[probing] S0010218019302597
[probing] S0010218019302585
[probing] S0010218019302548
[probing] S0010218019302329
[probing] S0010218019302470
[probing] S001021801930269X
[probing] S0010218019302627
[probing] S0010218019302731
[probing] S0010218019302469
[probing] S0010218019302895
[probing] S0010218019302032
[probing] S0010218019302937
[probing] S0010218019302767
[probing] S0010218019302925
[probing] S0010218019302846
[probing] S001021801930327X
[probing] S0010218019302822
[probing] S0010218019302949
[probing] S0010218019303062
[probing] S0010218019302676
[probing] S0010218019302755
[probing] S0010218019302780
[probing] S0010218019303232
[probing] S0010218019302974
[probing] S0010218019303025
[probing] S0010218019302792
[probing] S0010218019302986
[probing] S0010218019303001
[probing] S0010218019303669
[probing] S0010218019303323
[probing] S0010218019302901
[probing] S0010218019302950
[probing] S0010218019303311
[probing] S0010218019303360
[probing] S0010218019302858
[probing] S0010218019303220
[probing] S0010218019302834
[probing] S0010218019302779
[probing] S0010218019302962
[probing] S0010218019302871
[probing] S0010218019302810
[probing] S0010218019302913
[probing] S0010218019302883
[probing] S0010218019302743
[probing] S001021801930286X
[probing] S0010218019303013
[probing] S0010218019303037
[probing] S0010218019303712
[probing] S0010218019303402
[probing] S0010218019303268
[probing] S001021801930361X
[probing] S0010218019303463
[probing] S0010218019303542
[probing] S0010218019303372
[probing] S0010218019303244
[probing] S0010218019304080
[probing] S0010218019303499
[probing] S001021801930358X
[probing] S001021801930344X
[probing] S0010218019303608
[probing] S0010218019303426
[probing] S0010218019303384
[probing] S0010218019303621
[probing] S0010218019303530
[probing] S001021801930330X
[probing] S0010218019303256
[probing] S0010218019303633
[probing] S0010218019303529
[probing] S0010218019302998
[probing] S0010218019303505
[probing] S0010218019303050
[probing] S0010218019303748
[probing] S0010218019303517
[probing] S0010218019303839
[probing] S0010218019303487
[probing] S0010218019303736
[probing] S0010218019302809
[probing] S0010218019303438
[probing] S001021801930375X
[probing] S0010218019303578
[probing] S0010218019303591
[probing] S0010218019303451
[probing] S0010218019303840
[probing] S0010218019303566
[probing] S0010218019303815
[probing] S0010218019303645
[probing] S0010218019303475
[probing] S0010218019303293
[probing] S0010218019303554
[probing] S0010218019303281
[probing] S0010218019303943
[probing] S0010218019304183
[probing] S0010218019304043
[probing] S0010218019304262
[probing] S0010218019303979
[probing] S0010218019303876
[probing] S0010218019304225
[probing] S0010218019303980
[probing] S0010218019303785
[probing] S001021801930416X
[probing] S0010218019303396
[probing] S0010218019303773
[probing] S0010218019303852
[probing] S0010218019303992
[probing] S0010218019304018
[probing] S0010218019303761
[probing] S0010218019304511
[probing] S0010218019304201
[probing] S0010218019304171
[probing] S0010218019303049
[probing] S0010218019303888
[probing] S0010218019303967
[probing] S0010218019304158
[probing] S0010218019304055
[probing] S0010218019304031
[probing] S0010218019303931
[probing] S0010218019303906
[probing] S0010218019304237
[probing] S0010218019303803
[probing] S0010218019304213
[probing] S0010218019303724
[probing] S0010218019303827
[probing] S0010218019303797
[probing] S001021801930402X
[probing] S0010218019304250
[probing] S0010218019304006
[probing] S0010218019304195
[probing] S0010218019304067
[probing] S001021801930389X
[probing] S0010218019303955
STEP2 done
[downloading] S0010218018304942
[downloading] S001021801830453X
[downloading] S0010218018304395
[downloading] S0010218018304358
[downloading] S0010218018304577
[downloading] S0010218018304516
[downloading] S0010218018304528
[downloading] S0010218018304371
[downloading] S0010218018304474
[downloading] S001021801830350X
[downloading] S0010218018304103
[downloading] S0010218018304735
[downloading] S0010218018304309
[downloading] S0010218018304346
[downloading] S0010218018304401
[downloading] S0010218018303973
[downloading] S0010218018304383
[downloading] S0010218018304449
[downloading] S0010218018304504
[downloading] S0010218018304656
[downloading] S0010218018304589
[downloading] S0010218018304759
[downloading] S001021801830436X
[downloading] S0010218018304498
[downloading] S0010218018304747
[downloading] S0010218018304437
[downloading] S0010218018304450
[downloading] S0010218018304425
[downloading] S001021801830470X
[downloading] S0010218018304413
[downloading] S0010218018304711
[downloading] S0010218018304553
[downloading] S0010218018304462
[downloading] S0010218018304668
[downloading] S0010218018304541
[downloading] S001021801830467X
[downloading] S0010218018304693
[downloading] S0010218018304206
[downloading] S0010218018304899
[downloading] S0010218018304486
[downloading] S0010218018304826
[downloading] S0010218018305017
[downloading] S0010218018305091
[downloading] S0010218018304772
[downloading] S001021801830511X
[downloading] S0010218018304887
[downloading] S0010218018304681
[downloading] S0010218018304851
[downloading] S0010218018304838
[downloading] S0010218018305042
[downloading] S0010218018304917
[downloading] S0010218018304814
[downloading] S0010218018304863
[downloading] S001021801830484X
[downloading] S0010218018305182
[downloading] S0010218018305108
[downloading] S0010218018305157
[downloading] S0010218018304565
[downloading] S0010218018304723
[downloading] S0010218018305194
[downloading] S0010218018305170
[downloading] S0010218018304796
[downloading] S0010218018305121
[downloading] S0010218018304784
[downloading] S0010218018305133
[downloading] S0010218018304760
[downloading] S0010218018305030
[downloading] S001021801830508X
[downloading] S0010218018305145
[downloading] S0010218018305169
[downloading] S0010218018304802
[downloading] S0010218018304905
[downloading] S0010218019300045
[downloading] S0010218018304991
[downloading] S0010218018305029
[downloading] S0010218018304875
[downloading] S0010218018305455
[downloading] S001021801830542X
[downloading] S0010218018305376
[downloading] S0010218018305200
[downloading] S0010218018305480
[downloading] S0010218018305327
[downloading] S0010218018305224
[downloading] S0010218018305315
[downloading] S0010218018305285
[downloading] S0010218018305303
[downloading] S0010218018305364
[downloading] S0010218018305339
[downloading] S0010218018305509
[downloading] S0010218018305406
[downloading] S0010218019300239
[downloading] S0010218018305340
[downloading] S0010218018305467
[downloading] S0010218018305212
[downloading] S0010218018305297
[downloading] S0010218018305236
[downloading] S0010218018305352
[downloading] S0010218018305248
[downloading] S0010218018305443
[downloading] S0010218019300094
[downloading] S0010218018305388
[downloading] S001021801830539X
[downloading] S0010218018305261
[downloading] S0010218018305479
[downloading] S001021801830525X
[downloading] S0010218019300410
[downloading] S0010218019300148
[downloading] S0010218019300318
[downloading] S0010218019300185
[downloading] S0010218019300379
[downloading] S0010218019300136
[downloading] S0010218019300215
[downloading] S001021801930029X
[downloading] S0010218019300343
[downloading] S0010218019300331
[downloading] S0010218019300707
[downloading] S0010218019300100
[downloading] S0010218019300021
[downloading] S0010218018304929
[downloading] S001021801930032X
[downloading] S0010218019300197
[downloading] S0010218019300422
[downloading] S0010218019300306
[downloading] S001021801930015X
[downloading] S001021801930046X
[downloading] S0010218019300471
[downloading] S0010218019300458
[downloading] S0010218018305273
[downloading] S0010218019300392
[downloading] S0010218019300380
[downloading] S0010218018305418
[downloading] S0010218019300367
[downloading] S001021801930001X
[downloading] S0010218019300409
[downloading] S0010218019300161
[downloading] S0010218019300446
[downloading] S0010218019300203
[downloading] S0010218018303894
[downloading] S0010218019300550
[downloading] S0010218019300495
[downloading] S0010218019301105
[downloading] S0010218019300860
[downloading] S0010218019300811
[downloading] S0010218018305492
[downloading] S0010218019300574
[downloading] S0010218019300513
[downloading] S0010218019300756
[downloading] S001021801930063X
[downloading] S0010218019300665
[downloading] S0010218019300781
[downloading] S0010218019300768
[downloading] S0010218019300641
[downloading] S0010218019300604
[downloading] S0010218019300483
[downloading] S0010218019300598
[downloading] S001021801930077X
[downloading] S0010218019300562
[downloading] S0010218019300859
[downloading] S0010218019300628
[downloading] S0010218019300847
[downloading] S0010218019300884
[downloading] S0010218019300689
[downloading] S0010218019300355
[downloading] S0010218019300896
[downloading] S0010218019300835
[downloading] S0010218019300586
[downloading] S001021801930080X
[downloading] S0010218019300501
[downloading] S0010218019300872
[downloading] S0010218019300549
[downloading] S0010218019300793
[downloading] S0010218019300677
[downloading] S0010218019300823
[downloading] S0010218019301075
[downloading] S0010218019301038
[downloading] S0010218019300434
[downloading] S0010218019301026
[downloading] S0010218019301002
[downloading] S0010218019301361
[downloading] S0010218019300173
[downloading] S0010218019301233
[downloading] S001021801930118X
[downloading] S0010218019300951
[downloading] S0010218019300616
[downloading] S0010218019300926
[downloading] S0010218019301014
[downloading] S0010218019300914
[downloading] S0010218019301208
[downloading] S0010218019301841
[downloading] S0010218019301336
[downloading] S0010218019300963
[downloading] S0010218019300999
[downloading] S0010218019300975
[downloading] S0010218019301257
[downloading] S001021801930121X
[downloading] S0010218019300938
[downloading] S0010218019300987
[downloading] S001021801930104X
[downloading] S0010218019301191
[downloading] S0010218018305005
[downloading] S001021801930135X
[downloading] S0010218019301221
[downloading] S0010218019301063
[downloading] S0010218019301245
[downloading] S0010218019301294
[downloading] S0010218019300902
[downloading] S001021801930094X
[downloading] S0010218019301324
[downloading] S0010218019301178
[downloading] S0010218019301051
[downloading] S0010218019301476
[downloading] S0010218019301646
[downloading] S0010218019301634
[downloading] S0010218019301282
[downloading] S0010218019301610
[downloading] S0010218019301713
[downloading] S0010218019301798
[downloading] S0010218019301518
[downloading] S0010218019301373
[downloading] S0010218019301683
[downloading] S0010218019301385
[downloading] S0010218019301270
[downloading] S0010218019301300
[downloading] S0010218019301488
[downloading] S0010218019301543
[downloading] S0010218019301427
[downloading] S0010218019300653
[downloading] S0010218019301397
[downloading] S0010218019301774
[downloading] S0010218019301737
[downloading] S0010218019301439
[downloading] S0010218019301786
[downloading] S0010218019301555
[downloading] S0010218019301348
[downloading] S0010218019300537
[downloading] S0010218019301622
[downloading] S001021801930166X
[downloading] S0010218019301452
[downloading] S0010218019302214
[downloading] S001021801930149X
[downloading] S0010218019301762
[downloading] S0010218019301592
[downloading] S0010218019301415
[downloading] S0010218018305431
[downloading] S001021801930152X
[downloading] S0010218019301828
[downloading] S0010218019301464
[downloading] S0010218019301580
[downloading] S0010218019301701
[downloading] S0010218019301658
[downloading] S0010218019301695
[downloading] S0010218019301440
[downloading] S0010218019301087
[downloading] S0010218019301269
[downloading] S0010218019301403
[downloading] S0010218019301749
[downloading] S0010218019301750
[downloading] S0010218019301725
[downloading] S0010218019301804
[downloading] S0010218019301579
[downloading] S0010218019301531
[downloading] S0010218019301506
[downloading] S0010218019302111
[downloading] S0010218019302044
[downloading] S001021801930210X
[downloading] S0010218019301671
[downloading] S0010218019301567
[downloading] S0010218019302081
[downloading] S0010218019302342
[downloading] S001021801930238X
[downloading] S0010218019301816
[downloading] S0010218019302147
[downloading] S0010218019301993
[downloading] S0010218019301609
[downloading] S0010218019301956
[downloading] S0010218019302020
[downloading] S001021801930241X
[downloading] S0010218019301890
[downloading] S0010218019301968
[downloading] S0010218019302330
[downloading] S0010218019301932
[downloading] S0010218019301919
[downloading] S0010218019301944
[downloading] S0010218019302299
[downloading] S001021801930197X
[downloading] S0010218019302056
[downloading] S0010218019301312
[downloading] S0010218019302135
[downloading] S0010218019302378
[downloading] S0010218019302366
[downloading] S0010218019301907
[downloading] S0010218019301920
[downloading] S0010218019302305
[downloading] S0010218019302408
[downloading] S0010218019302093
[downloading] S0010218019302019
[downloading] S0010218019302068
[downloading] S0010218019303086
[downloading] S0010218019302354
[downloading] S001021801930207X
[downloading] S0010218019302123
[downloading] S0010218019302172
[downloading] S0010218019302184
[downloading] S0010218019301981
[downloading] S0010218019302317
[downloading] S0010218019302652
[downloading] S0010218019302561
[downloading] S0010218019302688
[downloading] S0010218019302457
[downloading] S0010218019302445
[downloading] S0010218019303177
[downloading] S0010218019302500
[downloading] S0010218019302512
[downloading] S0010218019302640
[downloading] S0010218019302494
[downloading] S001021801930272X
[downloading] S0010218019302664
[downloading] S0010218019302524
[downloading] S0010218019302196
[downloading] S0010218019302391
[downloading] S0010218019302573
[downloading] S0010218019302603
[downloading] S001021801930255X
[downloading] S0010218019302482
[downloading] S0010218019302536
[downloading] S0010218019302160
[downloading] S0010218019302421
[downloading] S0010218019302433
[downloading] S0010218019302159
[downloading] S0010218019302639
[downloading] S0010218019302718
[downloading] S0010218019302706
[downloading] S0010218019302597
[downloading] S0010218019302585
[downloading] S0010218019302548
[downloading] S0010218019302329
[downloading] S0010218019302470
[downloading] S001021801930269X
[downloading] S0010218019302627
[downloading] S0010218019302731
[downloading] S0010218019302469
[downloading] S0010218019302895
[downloading] S0010218019302032
[downloading] S0010218019302937
[downloading] S0010218019302767
[downloading] S0010218019302925
[downloading] S0010218019302846
[downloading] S001021801930327X
[downloading] S0010218019302822
[downloading] S0010218019302949
[downloading] S0010218019303062
[downloading] S0010218019302676
[downloading] S0010218019302755
[downloading] S0010218019302780
[downloading] S0010218019303232
[downloading] S0010218019302974
[downloading] S0010218019303025
[downloading] S0010218019302792
[downloading] S0010218019302986
[downloading] S0010218019303001
[downloading] S0010218019303669
[downloading] S0010218019303323
[downloading] S0010218019302901
[downloading] S0010218019302950
[downloading] S0010218019303311
[downloading] S0010218019303360
[downloading] S0010218019302858
[downloading] S0010218019303220
[downloading] S0010218019302834
[downloading] S0010218019302779
[downloading] S0010218019302962
[downloading] S0010218019302871
[downloading] S0010218019302810
[downloading] S0010218019302913
[downloading] S0010218019302883
[downloading] S0010218019302743
[downloading] S001021801930286X
[downloading] S0010218019303013
[downloading] S0010218019303037
[downloading] S0010218019303712
[downloading] S0010218019303402
[downloading] S0010218019303268
[downloading] S001021801930361X
[downloading] S0010218019303463
[downloading] S0010218019303542
[downloading] S0010218019303372
[downloading] S0010218019303244
[downloading] S0010218019304080
[downloading] S0010218019303499
[downloading] S001021801930358X
[downloading] S001021801930344X
[downloading] S0010218019303608
[downloading] S0010218019303426
[downloading] S0010218019303384
[downloading] S0010218019303621
[downloading] S0010218019303530
[downloading] S001021801930330X
[downloading] S0010218019303256
[downloading] S0010218019303633
[downloading] S0010218019303529
[downloading] S0010218019302998
[downloading] S0010218019303505
[downloading] S0010218019303050
[downloading] S0010218019303748
[downloading] S0010218019303517
[downloading] S0010218019303839
[downloading] S0010218019303487
[downloading] S0010218019303736
[downloading] S0010218019302809
[downloading] S0010218019303438
[downloading] S001021801930375X
[downloading] S0010218019303578
[downloading] S0010218019303591
[downloading] S0010218019303451
[downloading] S0010218019303840
[downloading] S0010218019303566
[downloading] S0010218019303815
[downloading] S0010218019303645
[downloading] S0010218019303475
[downloading] S0010218019303293
[downloading] S0010218019303554
[downloading] S0010218019303281
[downloading] S0010218019303943
[downloading] S0010218019304183
[downloading] S0010218019304043
[downloading] S0010218019304262
[downloading] S0010218019303979
[downloading] S0010218019303876
[downloading] S0010218019304225
[downloading] S0010218019303980
[downloading] S0010218019303785
[downloading] S001021801930416X
[downloading] S0010218019303396
[downloading] S0010218019303773
[downloading] S0010218019303852
[downloading] S0010218019303992
[downloading] S0010218019304018
[downloading] S0010218019303761
[downloading] S0010218019304511
[downloading] S0010218019304201
[downloading] S0010218019304171
[downloading] S0010218019303049
[downloading] S0010218019303888
[downloading] S0010218019303967
[downloading] S0010218019304158
[downloading] S0010218019304055
[downloading] S0010218019304031
[downloading] S0010218019303931
[downloading] S0010218019303906
[downloading] S0010218019304237
[downloading] S0010218019303803
[downloading] S0010218019304213
[downloading] S0010218019303724
[downloading] S0010218019303827
[downloading] S0010218019303797
[downloading] S001021801930402X
[downloading] S0010218019304250
[downloading] S0010218019304006
[downloading] S0010218019304195
[downloading] S0010218019304067
[downloading] S001021801930389X
[downloading] S0010218019303955
STEP3 done
STEP4 done
Need abstracts: 32
[1/32] Pyrolysis of butane-2,3‑dione from low to high pre... OK (1983 chars)
[2/32] Experimental and kinetic modeling investigation on... OK (1577 chars)
[3/32] Experimental and modeling study of the pyrolysis a... OK (900 chars)
[4/32] Experimental and modeling study of hex-5-en-1-yl r... OK (1995 chars)
[5/32] Modelling and numerical simulation of n-heptane py... OK (2680 chars)
[6/32] Experimental and kinetic study on the low-temperat... OK (1733 chars)
[7/32] 2,5-Dimethyltetrahydrofuran combustion: Ignition d... OK (1424 chars)
[8/32] Experimental and kinetic investigation of pyrolysi... OK (1600 chars)
[9/32] CH3SH conversion in a tubular flow reactor. Experi... OK (1234 chars)
[10/32] Yet another kinetic mechanism for hydrogen combust... OK (1564 chars)
[11/32] Experimental and kinetic modeling study of ignitio... OK (1321 chars)
[12/32] Measurement and modelling of the laminar burning v... OK (1799 chars)
[13/32] High-pressure pyrolysis and oxidation of DME and D... OK (1449 chars)
[14/32] Providing effective constraints for developing ket... NOT FOUND
[15/32] Detailed kinetic modeling of dimethoxymethane. Par... OK (1577 chars)
[16/32] Auto-ignition control using an additive with adapt... OK (1509 chars)
[17/32] An experimental and kinetic modeling study of the ... OK (2645 chars)
[18/32] A chemical kinetic modeling study of indene pyroly... OK (1619 chars)
[19/32] An experimental and kinetic modeling study of n-bu... OK (1837 chars)
[20/32] The C5 chemistry preceding the formation of polycy... OK (2001 chars)
[21/32] Low to intermediate temperature oxidation studies ... OK (1870 chars)
[22/32] Experimental and kinetic modeling study of n-propa... OK (2301 chars)
[23/32] A detailed kinetic study on oxidation of benzyl al... OK (1930 chars)
[24/32] Pyrolysis study of iso-propylbenzene with photoion... OK (1865 chars)
[25/32] Experimental and kinetic modeling investigation on... OK (1482 chars)
[26/32] The autoignition of iso-dodecane in low to high te... OK (1784 chars)
[27/32] Experimental and kinetic modeling investigation on... OK (2072 chars)
[28/32] A modelling study of acetylene oxidation and pyrol... OK (2101 chars)
[29/32] Chemical kinetic study of triptane (2,2,3-trimethy... OK (1733 chars)
[30/32] Exploring the combustion chemistry of a novel lign... NOT FOUND
[31/32] A detailed chemical mechanism for low to high temp... OK (1585 chars)
[32/32] Impact of thermochemistry on optimized kinetic mod... OK (1700 chars)

Done: 30/32
STEP5 done
=== 2019: 32 sum, inc=0, fail=32 ===
[master 4702983] 2019 mechanism collection
 118 files changed, 489667 insertions(+), 1837 deletions(-)
 create mode 100644 combustion_and_flame_mechanisms/acetylene/2019/slavinskaya_2019_acetylene_25-42/chem.inp
 create mode 100644 combustion_and_flame_mechanisms/acetylene/2019/slavinskaya_2019_acetylene_25-42/mechanism_summary.md
 create mode 100644 combustion_and_flame_mechanisms/acetylene/2019/slavinskaya_2019_acetylene_25-42/therm.dat
 create mode 100644 combustion_and_flame_mechanisms/acetylene/2019/slavinskaya_2019_acetylene_25-42/tran.dat
 create mode 100644 combustion_and_flame_mechanisms/alkane/2019/zhang_2019_alkane_123-137/chem.inp
 create mode 100644 combustion_and_flame_mechanisms/alkane/2019/zhang_2019_alkane_123-137/mechanism_summary.md
 create mode 100644 combustion_and_flame_mechanisms/alkane/2019/zhang_2019_alkane_123-137/therm.dat
 create mode 100644 combustion_and_flame_mechanisms/alkane/2019/zhang_2019_alkane_123-137/tran.dat
 create mode 100644 combustion_and_flame_mechanisms/ammonia/2019/mei_2019_ammonia_236-246/chem.inp
 create mode 100644 combustion_and_flame_mechanisms/ammonia/2019/mei_2019_ammonia_236-246/mechanism_summary.md
 create mode 100644 combustion_and_flame_mechanisms/ammonia/2019/mei_2019_ammonia_236-246/therm.dat
 create mode 100644 combustion_and_flame_mechanisms/ammonia/2019/mei_2019_ammonia_236-246/tran.dat
 create mode 100644 combustion_and_flame_mechanisms/ammonia_methane/2019/okafor_2019_ammonia_methane_162-175/chem.inp
 create mode 100644 combustion_and_flame_mechanisms/ammonia_methane/2019/okafor_2019_ammonia_methane_162-175/mechanism_summary.md
 create mode 100644 combustion_and_flame_mechanisms/ammonia_methane/2019/okafor_2019_ammonia_methane_162-175/therm.dat
 create mode 100644 combustion_and_flame_mechanisms/ammonia_methane/2019/okafor_2019_ammonia_methane_162-175/tran.dat
 create mode 100644 combustion_and_flame_mechanisms/benzene_benzaldehyde/2019/zhou_2019_benzene_benzaldehyde_10-19/chem.inp
 create mode 100644 combustion_and_flame_mechanisms/benzene_benzaldehyde/2019/zhou_2019_benzene_benzaldehyde_10-19/mechanism_summary.md
 create mode 100644 combustion_and_flame_mechanisms/benzene_benzaldehyde/2019/zhou_2019_benzene_benzaldehyde_10-19/therm.dat
 create mode 100644 combustion_and_flame_mechanisms/benzene_n_propylbenzene/2019/tian_2019_benzene_n_propylbenzene_313-321/chem.inp
 create mode 100644 combustion_and_flame_mechanisms/benzene_n_propylbenzene/2019/tian_2019_benzene_n_propylbenzene_313-321/mechanism_summary.md
 create mode 100644 combustion_and_flame_mechanisms/benzene_n_propylbenzene/2019/tian_2019_benzene_n_propylbenzene_313-321/therm.dat
 create mode 100644 combustion_and_flame_mechanisms/benzene_toluene_naphthalene_styrene/2019/yuan_2019_benzene_toluene_naphthalene_styrene_187-199/chem.inp
 create mode 100644 combustion_and_flame_mechanisms/benzene_toluene_naphthalene_styrene/2019/yuan_2019_benzene_toluene_naphthalene_styrene_187-199/mechanism_summary.md
 create mode 100644 combustion_and_flame_mechanisms/benzene_toluene_naphthalene_styrene/2019/yuan_2019_benzene_toluene_naphthalene_styrene_187-199/therm.dat
 create mode 100644 combustion_and_flame_mechanisms/benzene_toluene_naphthalene_styrene/2019/yuan_2019_benzene_toluene_naphthalene_styrene_187-199/tran.dat
 create mode 100644 combustion_and_flame_mechanisms/cyclohexane/2019/mao_2019_cyclohexane_360-373/chem.inp
 create mode 100644 combustion_and_flame_mechanisms/cyclohexane/2019/mao_2019_cyclohexane_360-373/mechanism_summary.md
 create mode 100644 combustion_and_flame_mechanisms/cyclohexane/2019/mao_2019_cyclohexane_360-373/therm.dat
 create mode 100644 combustion_and_flame_mechanisms/cyclohexane/2019/mao_2019_cyclohexane_83-97/chem.inp
 create mode 100644 combustion_and_flame_mechanisms/cyclohexane/2019/mao_2019_cyclohexane_83-97/mechanism_summary.md
 create mode 100644 combustion_and_flame_mechanisms/cyclohexane/2019/mao_2019_cyclohexane_83-97/therm.dat
 create mode 100644 combustion_and_flame_mechanisms/cyclohexane/2019/mao_2019_cyclohexane_83-97/tran.dat
 create mode 100644 combustion_and_flame_mechanisms/diethyl_ether/2019/lehn_2019_diethyl_ether_454-466/chem.inp
 create mode 100644 combustion_and_flame_mechanisms/diethyl_ether/2019/lehn_2019_diethyl_ether_454-466/mechanism_summary.md
 create mode 100644 combustion_and_flame_mechanisms/diethyl_ether/2019/lehn_2019_diethyl_ether_454-466/therm.dat
 create mode 100644 combustion_and_flame_mechanisms/dimethoxymethane/2019/jacobs_2019_dimethoxymethane_522-533/chem.inp
 create mode 100644 combustion_and_flame_mechanisms/dimethoxymethane/2019/jacobs_2019_dimethoxymethane_522-533/mechanism_summary.md
 create mode 100644 combustion_and_flame_mechanisms/dimethoxymethane/2019/jacobs_2019_dimethoxymethane_522-533/therm.dat
 create mode 100644 combustion_and_flame_mechanisms/dimethoxymethane/2019/jacobs_2019_dimethoxymethane_522-533/tran.dat
 create mode 100644 combustion_and_flame_mechanisms/furan_tetrahydrofuran/2019/fenard_2019_furan_tetrahydrofuran_341-351/chem.inp
 create mode 100644 combustion_and_flame_mechanisms/furan_tetrahydrofuran/2019/fenard_2019_furan_tetrahydrofuran_341-351/mechanism_summary.md
 create mode 100644 combustion_and_flame_mechanisms/furan_tetrahydrofuran/2019/fenard_2019_furan_tetrahydrofuran_341-351/therm.dat
 create mode 100644 combustion_and_flame_mechanisms/hydrogen/2019/konnov_2019_hydrogen_14-22/chem.inp
 create mode 100644 combustion_and_flame_mechanisms/hydrogen/2019/konnov_2019_hydrogen_14-22/mechanism_summary.md
 create mode 100644 combustion_and_flame_mechanisms/hydrogen/2019/konnov_2019_hydrogen_14-22/therm.dat
 create mode 100644 combustion_and_flame_mechanisms/hydrogen/2019/konnov_2019_hydrogen_14-22/tran.dat
 create mode 100644 combustion_and_flame_mechanisms/indene/2019/jin_2019_indene_1-20/chem.inp
 create mode 100644 combustion_and_flame_mechanisms/indene/2019/jin_2019_indene_1-20/mechanism_summary.md
 create mode 100644 combustion_and_flame_mechanisms/indene/2019/jin_2019_indene_1-20/therm.dat
 create mode 100644 combustion_and_flame_mechanisms/indene/2019/jin_2019_indene_1-20/tran.dat
 create mode 100644 combustion_and_flame_mechanisms/iron/2019/alzueta_2019_iron_23-30/chem.inp
 create mode 100644 combustion_and_flame_mechanisms/iron/2019/alzueta_2019_iron_23-30/mechanism_summary.md
 create mode 100644 combustion_and_flame_mechanisms/iron/2019/alzueta_2019_iron_23-30/therm.dat
 create mode 100644 combustion_and_flame_mechanisms/jet_fuel/2019/guzman_2019_jet_fuel_57-64/chem.inp
 create mode 100644 combustion_and_flame_mechanisms/jet_fuel/2019/guzman_2019_jet_fuel_57-64/mechanism_summary.md
 create mode 100644 combustion_and_flame_mechanisms/jet_fuel/2019/guzman_2019_jet_fuel_57-64/therm.dat
 create mode 100644 combustion_and_flame_mechanisms/jet_fuel_rp3/2019/mao_2019_jet_fuel_rp3_157-169/chem.inp
 create mode 100644 combustion_and_flame_mechanisms/jet_fuel_rp3/2019/mao_2019_jet_fuel_rp3_157-169/mechanism_summary.md
 create mode 100644 combustion_and_flame_mechanisms/jet_fuel_rp3/2019/mao_2019_jet_fuel_rp3_157-169/therm.dat
 create mode 100644 combustion_and_flame_mechanisms/methane/2019/zhang_2019_methane_481-492/chem.inp
 create mode 100644 combustion_and_flame_mechanisms/methane/2019/zhang_2019_methane_481-492/mechanism_summary.md
 create mode 100644 combustion_and_flame_mechanisms/methane/2019/zhang_2019_methane_481-492/therm.dat
 create mode 100644 combustion_and_flame_mechanisms/methane/2019/zhang_2019_methane_481-492/tran.dat
 create mode 100644 combustion_and_flame_mechanisms/methane_dimethyl_ether/2019/hashemi_2019_methane_dimethyl_ether_80-92/chem.inp
 create mode 100644 combustion_and_flame_mechanisms/methane_dimethyl_ether/2019/hashemi_2019_methane_dimethyl_ether_80-92/mechanism_summary.md
 create mode 100644 combustion_and_flame_mechanisms/methane_dimethyl_ether/2019/hashemi_2019_methane_dimethyl_ether_80-92/therm.dat
 create mode 100644 combustion_and_flame_mechanisms/methane_dimethyl_ether/2019/hashemi_2019_methane_dimethyl_ether_80-92/tran.dat
 create mode 100644 combustion_and_flame_mechanisms/methane_pentane_ethylene_acetylene/2019/liszka_2019_methane_pentane_ethylene_acetylene_301-314/chem.inp
 create mode 100644 combustion_and_flame_mechanisms/methane_pentane_ethylene_acetylene/2019/liszka_2019_methane_pentane_ethylene_acetylene_301-314/mechanism_summary.md
 create mode 100644 combustion_and_flame_mechanisms/n_butane/2019/zhang_2019_n_butane_69-81/chem.inp
 create mode 100644 combustion_and_flame_mechanisms/n_butane/2019/zhang_2019_n_butane_69-81/mechanism_summary.md
 create mode 100644 combustion_and_flame_mechanisms/n_butane/2019/zhang_2019_n_butane_69-81/therm.dat
 create mode 100644 combustion_and_flame_mechanisms/n_dodecane/2019/mao_2019_n_dodecane_222-235/chem.inp
 create mode 100644 combustion_and_flame_mechanisms/n_dodecane/2019/mao_2019_n_dodecane_222-235/mechanism_summary.md
 create mode 100644 combustion_and_flame_mechanisms/n_dodecane/2019/mao_2019_n_dodecane_222-235/therm.dat
 create mode 100644 combustion_and_flame_mechanisms/n_heptane/2019/wang_2019_n_heptane_44-56/chem.inp
 create mode 100644 combustion_and_flame_mechanisms/n_heptane/2019/wang_2019_n_heptane_44-56/mechanism_summary.md
 create mode 100644 combustion_and_flame_mechanisms/n_heptane/2019/wang_2019_n_heptane_44-56/therm.dat
 create mode 100644 combustion_and_flame_mechanisms/n_heptane/2019/wang_2019_n_heptane_44-56/tran.dat
 create mode 100644 combustion_and_flame_mechanisms/n_heptane_dimethoxymethane/2019/gao_2019_n_heptane_dimethoxymethane_20-35/chem.inp
 create mode 100644 combustion_and_flame_mechanisms/n_heptane_dimethoxymethane/2019/gao_2019_n_heptane_dimethoxymethane_20-35/mechanism_summary.md
 create mode 100644 combustion_and_flame_mechanisms/n_heptane_dimethoxymethane/2019/gao_2019_n_heptane_dimethoxymethane_20-35/therm.dat
 create mode 100644 combustion_and_flame_mechanisms/nitromethane/2019/weng_2019_nitromethane_247-254/chem.inp
 create mode 100644 combustion_and_flame_mechanisms/nitromethane/2019/weng_2019_nitromethane_247-254/mechanism_summary.md
 create mode 100644 combustion_and_flame_mechanisms/nitromethane/2019/weng_2019_nitromethane_247-254/therm.dat
 create mode 100644 combustion_and_flame_mechanisms/pentanol_biofuel/2019/cai_2019_pentanol_biofuel_490-501/chem.inp
 create mode 100644 combustion_and_flame_mechanisms/pentanol_biofuel/2019/cai_2019_pentanol_biofuel_490-501/mechanism_summary.md
 create mode 100644 combustion_and_flame_mechanisms/pentanol_biofuel/2019/cai_2019_pentanol_biofuel_490-501/therm.dat
 create mode 100644 combustion_and_flame_mechanisms/pentanol_biofuel/2019/cai_2019_pentanol_biofuel_490-501/tran.dat
 create mode 100644 combustion_and_flame_mechanisms/pentene_pah/2019/ruwe_2019_pentene_pah_411-423/chem.inp
 create mode 100644 combustion_and_flame_mechanisms/pentene_pah/2019/ruwe_2019_pentene_pah_411-423/mechanism_summary.md
 create mode 100644 combustion_and_flame_mechanisms/pentene_pah/2019/ruwe_2019_pentene_pah_411-423/therm.dat
 create mode 100644 combustion_and_flame_mechanisms/pentene_pah/2019/ruwe_2019_pentene_pah_411-423/tran.dat
 create mode 100644 combustion_and_flame_mechanisms/propanol/2019/li_2019_propanol_171-185/chem.inp
 create mode 100644 combustion_and_flame_mechanisms/propanol/2019/li_2019_propanol_171-185/mechanism_summary.md
 create mode 100644 combustion_and_flame_mechanisms/propanol/2019/li_2019_propanol_171-185/therm.dat
 create mode 100644 combustion_and_flame_mechanisms/propanol/2019/li_2019_propanol_171-185/tran.dat
 create mode 100644 combustion_and_flame_mechanisms/pyridine/2019/wu_2019_pyridine_394-404/chem.inp
 create mode 100644 combustion_and_flame_mechanisms/pyridine/2019/wu_2019_pyridine_394-404/mechanism_summary.md
 create mode 100644 combustion_and_flame_mechanisms/pyridine/2019/wu_2019_pyridine_394-404/therm.dat
 create mode 100644 combustion_and_flame_mechanisms/pyridine/2019/wu_2019_pyridine_394-404/tran.dat
 create mode 100644 combustion_and_flame_mechanisms/triptane/2019/atef_2019_triptane_399-412/chem.inp
 create mode 100644 combustion_and_flame_mechanisms/triptane/2019/atef_2019_triptane_399-412/mechanism_summary.md
 create mode 100644 combustion_and_flame_mechanisms/triptane/2019/atef_2019_triptane_399-412/therm.dat
 create mode 100644 combustion_and_flame_mechanisms/unknown_fuel/2019/sch_nborn_2019_unknown_fuel_466-483/chem.inp
 create mode 100644 combustion_and_flame_mechanisms/unknown_fuel/2019/sch_nborn_2019_unknown_fuel_466-483/mechanism_summary.md
 create mode 100644 combustion_and_flame_mechanisms/unknown_fuel/2019/sch_nborn_2019_unknown_fuel_466-483/therm.dat
 create mode 100644 combustion_and_flame_mechanisms/unknown_fuel/2019/sun_2019_unknown_fuel_11-21/chem.inp
 create mode 100644 combustion_and_flame_mechanisms/unknown_fuel/2019/sun_2019_unknown_fuel_11-21/mechanism_summary.md
 create mode 100644 combustion_and_flame_mechanisms/unknown_fuel/2019/sun_2019_unknown_fuel_11-21/therm.dat
 create mode 100644 combustion_and_flame_mechanisms/unknown_fuel/2019/sun_2019_unknown_fuel_11-21/tran.dat
 create mode 100644 scripts/safe_push.sh
To github.com:wangdu817/Combustion-chemical-kinetic-models.git
   bb3a9bd..4702983  master -> master
DONE
