=== START 2022 REBUILD at Fri Jun 26 22:16:59 CST 2026 ===
=== 2022: IMPORT metadata ===
IMPORT done
=== 2022: PROBE (parallel 8) ===
PROBE done
=== 2022: DOWNLOAD ===
DOWNLOAD done
=== 2022: PROCESS ===
PROCESS done
=== 2022: ABSTRACTS ===
Need abstracts: 0

Done: 0/0
ABSTRACTS done
=== 2022: FINAL ===
FINAL done
=== 2022 RESULT ===
summaries: 0, inc=0, fail=0, pdfs=0
=== COMMIT & PUSH ===
On branch master
Your branch is up to date with 'origin/master'.

Untracked files:
  (use "git add <file>..." to include in what will be committed)
	2006_pipeline.log
	2018_pipeline.log
	2019_pipeline.log
	2022_pipeline.log
	2026_pipeline.log
	probe_2022.log
	run_probe_2022.sh

nothing added to commit but untracked files present (use "git add" to track)
Everything up-to-date
PUSH done
=== DONE at Fri Jun 26 22:17:04 CST 2026 ===
